// 重构日志: 7eb6291a
// 重构日志: 8bdfd41c
// 同步 ID: 8e6e45eb @ Fri Jul 24 11:02:12 UTC 2026
// 重构日志: 8ed3eebd
// 同步 ID: 64ca477d @ Sat Jul 25 13:04:14 UTC 2026
// 同步 ID: 800fa549 @ Sun Jul 26 02:04:16 UTC 2026
// 重构日志: 7e1046d7
// 重构日志: ce8d45de
// 重构日志: 1061fd45
// 重构日志: 92605090
// 重构日志: 1fa84c99
// 同步 ID: 3c4dce92 @ Fri Jul 31 13:41:24 UTC 2026
// 同步 ID: 82deef3f @ Sat Aug  1 10:59:39 UTC 2026
// 重构日志: 58609b32
// 同步 ID: e06365a0 @ Sun Aug  2 18:02:15 UTC 2026
// 重构日志: 40bab196
// 重构日志: 2e230420
// 重构日志: a55d2902
// 同步 ID: 16fcdee4 @ Tue Aug  4 13:12:40 UTC 2026
// 同步 ID: 35470ffd @ Wed Aug  5 11:20:03 UTC 2026
// 重构日志: f54a1924
// 重构日志: 6bca6c34
// 重构日志: acd6b5bf
// 重构日志: d13e18fd
// 重构日志: d6f453f1
// 同步 ID: f08f9ad8 @ Fri Aug  7 17:49:04 UTC 2026
// 重构日志: b210a230
// 重构日志: a5ed2889
// 同步 ID: 49514b9c @ Sat Aug  8 08:09:27 UTC 2026
// 同步 ID: a1031c4c @ Sat Aug  8 11:27:26 UTC 2026
// 重构日志: 3d1aa175
// 重构日志: b4080362
